
2024/10/15 (20:00:31) | ===> btop++ v.1.4.0
2024/10/15 (20:00:31) | WARNING: ROCm SMI: Failed to get maximum GPU temperature, defaulting to 110°C
2024/10/15 (20:00:31) | WARNING: ROCm SMI: Failed to get PCIe throughput
2024/10/15 (20:00:31) | WARNING: ROCm SMI: Failed to get maximum GPU power draw, defaulting to 225W
2024/10/15 (20:00:31) | WARNING: ROCm SMI: Failed to get maximum GPU temperature, defaulting to 110°C
2024/10/15 (20:00:31) | WARNING: ROCm SMI: Failed to get VRAM utilization
2024/10/15 (20:00:31) | WARNING: ROCm SMI: Failed to get GPU power usage
2024/10/15 (20:00:31) | WARNING: ROCm SMI: Failed to get PCIe throughput

2024/10/15 (20:07:04) | ===> btop++ v.1.4.0
2024/10/15 (20:07:04) | WARNING: ROCm SMI: Failed to get maximum GPU temperature, defaulting to 110°C
2024/10/15 (20:07:04) | WARNING: ROCm SMI: Failed to get PCIe throughput
2024/10/15 (20:07:04) | WARNING: ROCm SMI: Failed to get maximum GPU power draw, defaulting to 225W
2024/10/15 (20:07:04) | WARNING: ROCm SMI: Failed to get maximum GPU temperature, defaulting to 110°C
2024/10/15 (20:07:04) | WARNING: ROCm SMI: Failed to get VRAM utilization
2024/10/15 (20:07:04) | WARNING: ROCm SMI: Failed to get GPU power usage
2024/10/15 (20:07:04) | WARNING: ROCm SMI: Failed to get PCIe throughput

2024/10/17 (18:05:38) | ===> btop++ v.1.4.0
2024/10/17 (18:05:38) | WARNING: ROCm SMI: Failed to get maximum GPU temperature, defaulting to 110°C
2024/10/17 (18:05:38) | WARNING: ROCm SMI: Failed to get PCIe throughput
2024/10/17 (18:05:38) | WARNING: ROCm SMI: Failed to get maximum GPU power draw, defaulting to 225W
2024/10/17 (18:05:38) | WARNING: ROCm SMI: Failed to get maximum GPU temperature, defaulting to 110°C
2024/10/17 (18:05:38) | WARNING: ROCm SMI: Failed to get VRAM utilization
2024/10/17 (18:05:38) | WARNING: ROCm SMI: Failed to get GPU power usage
2024/10/17 (18:05:38) | WARNING: ROCm SMI: Failed to get PCIe throughput

2024/10/19 (17:57:29) | ===> btop++ v.1.4.0
2024/10/19 (17:57:29) | WARNING: ROCm SMI: Failed to get maximum GPU temperature, defaulting to 110°C
2024/10/19 (17:57:29) | WARNING: ROCm SMI: Failed to get PCIe throughput
2024/10/19 (17:57:29) | WARNING: ROCm SMI: Failed to get maximum GPU power draw, defaulting to 225W
2024/10/19 (17:57:29) | WARNING: ROCm SMI: Failed to get maximum GPU temperature, defaulting to 110°C
2024/10/19 (17:57:29) | WARNING: ROCm SMI: Failed to get VRAM utilization
2024/10/19 (17:57:29) | WARNING: ROCm SMI: Failed to get GPU power usage
2024/10/19 (17:57:29) | WARNING: ROCm SMI: Failed to get PCIe throughput

2024/10/22 (21:38:03) | ===> btop++ v.1.4.0
2024/10/22 (21:38:03) | WARNING: ROCm SMI: Failed to get maximum GPU temperature, defaulting to 110°C
2024/10/22 (21:38:03) | WARNING: ROCm SMI: Failed to get PCIe throughput
2024/10/22 (21:38:03) | WARNING: ROCm SMI: Failed to get maximum GPU power draw, defaulting to 225W
2024/10/22 (21:38:03) | WARNING: ROCm SMI: Failed to get maximum GPU temperature, defaulting to 110°C
2024/10/22 (21:38:03) | WARNING: ROCm SMI: Failed to get VRAM utilization
2024/10/22 (21:38:03) | WARNING: ROCm SMI: Failed to get GPU power usage
2024/10/22 (21:38:03) | WARNING: ROCm SMI: Failed to get PCIe throughput

2024/10/23 (02:51:01) | ===> btop++ v.1.4.0
2024/10/23 (02:51:01) | WARNING: ROCm SMI: Failed to get maximum GPU temperature, defaulting to 110°C
2024/10/23 (02:51:01) | WARNING: ROCm SMI: Failed to get PCIe throughput
2024/10/23 (02:51:01) | WARNING: ROCm SMI: Failed to get maximum GPU power draw, defaulting to 225W
2024/10/23 (02:51:01) | WARNING: ROCm SMI: Failed to get maximum GPU temperature, defaulting to 110°C
2024/10/23 (02:51:01) | WARNING: ROCm SMI: Failed to get VRAM utilization
2024/10/23 (02:51:01) | WARNING: ROCm SMI: Failed to get GPU power usage
2024/10/23 (02:51:01) | WARNING: ROCm SMI: Failed to get PCIe throughput

2024/10/25 (15:48:27) | ===> btop++ v.1.4.0
2024/10/25 (15:48:27) | WARNING: ROCm SMI: Failed to get maximum GPU temperature, defaulting to 110°C
2024/10/25 (15:48:27) | WARNING: ROCm SMI: Failed to get PCIe throughput
2024/10/25 (15:48:27) | WARNING: ROCm SMI: Failed to get maximum GPU power draw, defaulting to 225W
2024/10/25 (15:48:27) | WARNING: ROCm SMI: Failed to get maximum GPU temperature, defaulting to 110°C
2024/10/25 (15:48:27) | WARNING: ROCm SMI: Failed to get VRAM utilization
2024/10/25 (15:48:27) | WARNING: ROCm SMI: Failed to get GPU power usage
2024/10/25 (15:48:27) | WARNING: ROCm SMI: Failed to get PCIe throughput

2024/10/28 (02:22:28) | ===> btop++ v.1.4.0
2024/10/28 (02:22:28) | WARNING: ROCm SMI: Failed to get maximum GPU temperature, defaulting to 110°C
2024/10/28 (02:22:28) | WARNING: ROCm SMI: Failed to get PCIe throughput
2024/10/28 (02:22:28) | WARNING: ROCm SMI: Failed to get maximum GPU power draw, defaulting to 225W
2024/10/28 (02:22:28) | WARNING: ROCm SMI: Failed to get maximum GPU temperature, defaulting to 110°C
2024/10/28 (02:22:28) | WARNING: ROCm SMI: Failed to get VRAM utilization
2024/10/28 (02:22:28) | WARNING: ROCm SMI: Failed to get GPU power usage
2024/10/28 (02:22:28) | WARNING: ROCm SMI: Failed to get PCIe throughput

2024/11/04 (03:09:09) | ===> btop++ v.1.4.0
2024/11/04 (03:09:09) | WARNING: ROCm SMI: Failed to get maximum GPU temperature, defaulting to 110°C
2024/11/04 (03:09:09) | WARNING: ROCm SMI: Failed to get PCIe throughput
2024/11/04 (03:09:09) | WARNING: ROCm SMI: Failed to get maximum GPU power draw, defaulting to 225W
2024/11/04 (03:09:09) | WARNING: ROCm SMI: Failed to get maximum GPU temperature, defaulting to 110°C
2024/11/04 (03:09:09) | WARNING: ROCm SMI: Failed to get VRAM utilization
2024/11/04 (03:09:09) | WARNING: ROCm SMI: Failed to get GPU power usage
2024/11/04 (03:09:09) | WARNING: ROCm SMI: Failed to get PCIe throughput

2024/11/07 (17:28:02) | ===> btop++ v.1.4.0
2024/11/07 (17:28:02) | WARNING: ROCm SMI: Failed to get maximum GPU temperature, defaulting to 110°C
2024/11/07 (17:28:02) | WARNING: ROCm SMI: Failed to get PCIe throughput
2024/11/07 (17:28:02) | WARNING: ROCm SMI: Failed to get maximum GPU power draw, defaulting to 225W
2024/11/07 (17:28:02) | WARNING: ROCm SMI: Failed to get maximum GPU temperature, defaulting to 110°C
2024/11/07 (17:28:02) | WARNING: ROCm SMI: Failed to get VRAM utilization
2024/11/07 (17:28:02) | WARNING: ROCm SMI: Failed to get GPU power usage
2024/11/07 (17:28:02) | WARNING: ROCm SMI: Failed to get PCIe throughput

2024/11/11 (02:55:05) | ===> btop++ v.1.4.0
2024/11/11 (02:55:05) | WARNING: ROCm SMI: Failed to get maximum GPU temperature, defaulting to 110°C
2024/11/11 (02:55:05) | WARNING: ROCm SMI: Failed to get PCIe throughput
2024/11/11 (02:55:05) | WARNING: ROCm SMI: Failed to get maximum GPU power draw, defaulting to 225W
2024/11/11 (02:55:05) | WARNING: ROCm SMI: Failed to get maximum GPU temperature, defaulting to 110°C
2024/11/11 (02:55:05) | WARNING: ROCm SMI: Failed to get VRAM utilization
2024/11/11 (02:55:05) | WARNING: ROCm SMI: Failed to get GPU power usage
2024/11/11 (02:55:05) | WARNING: ROCm SMI: Failed to get PCIe throughput

2024/11/17 (16:29:16) | ===> btop++ v.1.4.0
2024/11/17 (16:29:16) | WARNING: ROCm SMI: Failed to get maximum GPU temperature, defaulting to 110°C
2024/11/17 (16:29:16) | WARNING: ROCm SMI: Failed to get PCIe throughput
2024/11/17 (16:29:16) | WARNING: ROCm SMI: Failed to get maximum GPU power draw, defaulting to 225W
2024/11/17 (16:29:16) | WARNING: ROCm SMI: Failed to get maximum GPU temperature, defaulting to 110°C
2024/11/17 (16:29:16) | WARNING: ROCm SMI: Failed to get VRAM utilization
2024/11/17 (16:29:16) | WARNING: ROCm SMI: Failed to get GPU power usage
2024/11/17 (16:29:16) | WARNING: ROCm SMI: Failed to get PCIe throughput

2024/11/23 (04:50:59) | ===> btop++ v.1.4.0
2024/11/23 (04:50:59) | WARNING: ROCm SMI: Failed to get maximum GPU temperature, defaulting to 110°C
2024/11/23 (04:50:59) | WARNING: ROCm SMI: Failed to get PCIe throughput
2024/11/23 (04:50:59) | WARNING: ROCm SMI: Failed to get maximum GPU power draw, defaulting to 225W
2024/11/23 (04:50:59) | WARNING: ROCm SMI: Failed to get maximum GPU temperature, defaulting to 110°C
2024/11/23 (04:50:59) | WARNING: ROCm SMI: Failed to get VRAM utilization
2024/11/23 (04:50:59) | WARNING: ROCm SMI: Failed to get GPU power usage
2024/11/23 (04:50:59) | WARNING: ROCm SMI: Failed to get PCIe throughput

2024/11/24 (22:56:26) | ===> btop++ v.1.4.0
2024/11/24 (22:56:26) | WARNING: ROCm SMI: Failed to get maximum GPU temperature, defaulting to 110°C
2024/11/24 (22:56:26) | WARNING: ROCm SMI: Failed to get PCIe throughput
2024/11/24 (22:56:26) | WARNING: ROCm SMI: Failed to get maximum GPU power draw, defaulting to 225W
2024/11/24 (22:56:26) | WARNING: ROCm SMI: Failed to get maximum GPU temperature, defaulting to 110°C
2024/11/24 (22:56:26) | WARNING: ROCm SMI: Failed to get VRAM utilization
2024/11/24 (22:56:26) | WARNING: ROCm SMI: Failed to get GPU power usage
2024/11/24 (22:56:26) | WARNING: ROCm SMI: Failed to get PCIe throughput

2024/11/29 (00:47:44) | ===> btop++ v.1.4.0
2024/11/29 (00:47:44) | WARNING: ROCm SMI: Failed to get maximum GPU temperature, defaulting to 110°C
2024/11/29 (00:47:44) | WARNING: ROCm SMI: Failed to get PCIe throughput
2024/11/29 (00:47:44) | WARNING: ROCm SMI: Failed to get maximum GPU power draw, defaulting to 225W
2024/11/29 (00:47:44) | WARNING: ROCm SMI: Failed to get maximum GPU temperature, defaulting to 110°C
2024/11/29 (00:47:44) | WARNING: ROCm SMI: Failed to get VRAM utilization
2024/11/29 (00:47:44) | WARNING: ROCm SMI: Failed to get GPU power usage
2024/11/29 (00:47:44) | WARNING: ROCm SMI: Failed to get PCIe throughput

2024/11/29 (02:32:58) | ===> btop++ v.1.4.0
2024/11/29 (02:32:58) | WARNING: ROCm SMI: Failed to get maximum GPU temperature, defaulting to 110°C
2024/11/29 (02:32:58) | WARNING: ROCm SMI: Failed to get PCIe throughput
2024/11/29 (02:32:58) | WARNING: ROCm SMI: Failed to get maximum GPU power draw, defaulting to 225W
2024/11/29 (02:32:58) | WARNING: ROCm SMI: Failed to get maximum GPU temperature, defaulting to 110°C
2024/11/29 (02:32:58) | WARNING: ROCm SMI: Failed to get VRAM utilization
2024/11/29 (02:32:58) | WARNING: ROCm SMI: Failed to get GPU power usage
2024/11/29 (02:32:58) | WARNING: ROCm SMI: Failed to get PCIe throughput

2024/12/18 (16:04:58) | ===> btop++ v.1.4.0
2024/12/18 (16:04:58) | WARNING: ROCm SMI: Failed to get maximum GPU temperature, defaulting to 110°C
2024/12/18 (16:04:58) | WARNING: ROCm SMI: Failed to get PCIe throughput
2024/12/18 (16:04:58) | WARNING: ROCm SMI: Failed to get maximum GPU power draw, defaulting to 225W
2024/12/18 (16:04:58) | WARNING: ROCm SMI: Failed to get maximum GPU temperature, defaulting to 110°C
2024/12/18 (16:04:58) | WARNING: ROCm SMI: Failed to get VRAM utilization
2024/12/18 (16:04:58) | WARNING: ROCm SMI: Failed to get GPU power usage
2024/12/18 (16:04:58) | WARNING: ROCm SMI: Failed to get PCIe throughput

2024/12/27 (22:10:52) | ===> btop++ v.1.4.0
2024/12/27 (22:10:52) | WARNING: ROCm SMI: Failed to get maximum GPU temperature, defaulting to 110°C
2024/12/27 (22:10:52) | WARNING: ROCm SMI: Failed to get PCIe throughput
2024/12/27 (22:10:52) | WARNING: ROCm SMI: Failed to get maximum GPU power draw, defaulting to 225W
2024/12/27 (22:10:52) | WARNING: ROCm SMI: Failed to get maximum GPU temperature, defaulting to 110°C
2024/12/27 (22:10:52) | WARNING: ROCm SMI: Failed to get VRAM utilization
2024/12/27 (22:10:52) | WARNING: ROCm SMI: Failed to get GPU power usage
2024/12/27 (22:10:52) | WARNING: ROCm SMI: Failed to get PCIe throughput

2025/01/06 (18:39:54) | ===> btop++ v.1.4.0
2025/01/06 (18:39:54) | WARNING: ROCm SMI: Failed to get maximum GPU temperature, defaulting to 110°C
2025/01/06 (18:39:54) | WARNING: ROCm SMI: Failed to get maximum GPU power draw, defaulting to 225W
2025/01/06 (18:39:54) | WARNING: ROCm SMI: Failed to get maximum GPU temperature, defaulting to 110°C
2025/01/06 (18:39:54) | WARNING: ROCm SMI: Failed to get VRAM utilization
2025/01/06 (18:39:54) | WARNING: ROCm SMI: Failed to get GPU power usage
2025/01/06 (18:39:54) | WARNING: ROCm SMI: Failed to get PCIe throughput

2025/01/08 (03:02:22) | ===> btop++ v.1.4.0
2025/01/08 (03:02:22) | WARNING: ROCm SMI: Failed to get maximum GPU temperature, defaulting to 110°C
2025/01/08 (03:02:22) | WARNING: ROCm SMI: Failed to get maximum GPU power draw, defaulting to 225W
2025/01/08 (03:02:22) | WARNING: ROCm SMI: Failed to get maximum GPU temperature, defaulting to 110°C
2025/01/08 (03:02:22) | WARNING: ROCm SMI: Failed to get VRAM utilization
2025/01/08 (03:02:22) | WARNING: ROCm SMI: Failed to get GPU power usage
2025/01/08 (03:02:22) | WARNING: ROCm SMI: Failed to get PCIe throughput

2025/01/12 (03:44:51) | ===> btop++ v.1.4.0
2025/01/12 (03:44:51) | WARNING: ROCm SMI: Failed to get maximum GPU temperature, defaulting to 110°C
2025/01/12 (03:44:51) | WARNING: ROCm SMI: Failed to get maximum GPU power draw, defaulting to 225W
2025/01/12 (03:44:51) | WARNING: ROCm SMI: Failed to get maximum GPU temperature, defaulting to 110°C
2025/01/12 (03:44:51) | WARNING: ROCm SMI: Failed to get VRAM utilization
2025/01/12 (03:44:51) | WARNING: ROCm SMI: Failed to get GPU power usage
2025/01/12 (03:44:51) | WARNING: ROCm SMI: Failed to get PCIe throughput

2025/01/13 (01:16:48) | ===> btop++ v.1.4.0
2025/01/13 (01:16:48) | WARNING: ROCm SMI: Failed to get maximum GPU temperature, defaulting to 110°C
2025/01/13 (01:16:48) | WARNING: ROCm SMI: Failed to get maximum GPU power draw, defaulting to 225W
2025/01/13 (01:16:48) | WARNING: ROCm SMI: Failed to get maximum GPU temperature, defaulting to 110°C
2025/01/13 (01:16:48) | WARNING: ROCm SMI: Failed to get VRAM utilization
2025/01/13 (01:16:48) | WARNING: ROCm SMI: Failed to get GPU power usage
2025/01/13 (01:16:48) | WARNING: ROCm SMI: Failed to get PCIe throughput

2025/02/02 (09:03:46) | ===> btop++ v.1.4.0
2025/02/02 (09:03:46) | WARNING: ROCm SMI: Failed to get maximum GPU temperature, defaulting to 110°C
2025/02/02 (09:03:46) | WARNING: ROCm SMI: Failed to get PCIe throughput
2025/02/02 (09:03:46) | WARNING: ROCm SMI: Failed to get maximum GPU power draw, defaulting to 225W
2025/02/02 (09:03:46) | WARNING: ROCm SMI: Failed to get maximum GPU temperature, defaulting to 110°C
2025/02/02 (09:03:46) | WARNING: ROCm SMI: Failed to get VRAM utilization
2025/02/02 (09:03:46) | WARNING: ROCm SMI: Failed to get GPU power usage
2025/02/02 (09:03:46) | WARNING: ROCm SMI: Failed to get PCIe throughput
2025/02/03 (03:59:03) | WARNING: Failed to get disk/partition stats for mount "/home/piotr/samba" with statvfs error code: 5. Ignoring...
2025/02/12 (08:40:32) | ERROR: Stall in Runner thread, restarting!

2025/02/14 (18:02:13) | ===> btop++ v.1.4.0
2025/02/14 (18:02:13) | WARNING: ROCm SMI: Failed to get maximum GPU temperature, defaulting to 110°C
2025/02/14 (18:02:13) | WARNING: ROCm SMI: Failed to get PCIe throughput
2025/02/14 (18:02:13) | WARNING: ROCm SMI: Failed to get maximum GPU power draw, defaulting to 225W
2025/02/14 (18:02:13) | WARNING: ROCm SMI: Failed to get maximum GPU temperature, defaulting to 110°C
2025/02/14 (18:02:13) | WARNING: ROCm SMI: Failed to get VRAM utilization
2025/02/14 (18:02:13) | WARNING: ROCm SMI: Failed to get GPU power usage
2025/02/14 (18:02:13) | WARNING: ROCm SMI: Failed to get PCIe throughput
2025/02/15 (07:50:28) | WARNING: Failed to get disk/partition stats for mount "/home/piotr/samba" with statvfs error code: 5. Ignoring...

2025/02/16 (10:53:51) | ===> btop++ v.1.4.0
2025/02/16 (10:53:51) | WARNING: ROCm SMI: Failed to get maximum GPU temperature, defaulting to 110°C
2025/02/16 (10:53:51) | WARNING: ROCm SMI: Failed to get PCIe throughput
2025/02/16 (10:53:51) | WARNING: ROCm SMI: Failed to get maximum GPU power draw, defaulting to 225W
2025/02/16 (10:53:51) | WARNING: ROCm SMI: Failed to get maximum GPU temperature, defaulting to 110°C
2025/02/16 (10:53:51) | WARNING: ROCm SMI: Failed to get VRAM utilization
2025/02/16 (10:53:51) | WARNING: ROCm SMI: Failed to get GPU power usage
2025/02/16 (10:53:51) | WARNING: ROCm SMI: Failed to get PCIe throughput
2025/02/16 (10:54:20) | WARNING: Failed to join _runner thread on exit!

2025/02/21 (22:24:18) | ===> btop++ v.1.4.0
2025/02/21 (22:24:18) | WARNING: ROCm SMI: Failed to get maximum GPU temperature, defaulting to 110°C
2025/02/21 (22:24:18) | WARNING: ROCm SMI: Failed to get PCIe throughput
2025/02/21 (22:24:18) | WARNING: ROCm SMI: Failed to get maximum GPU power draw, defaulting to 225W
2025/02/21 (22:24:18) | WARNING: ROCm SMI: Failed to get maximum GPU temperature, defaulting to 110°C
2025/02/21 (22:24:18) | WARNING: ROCm SMI: Failed to get VRAM utilization
2025/02/21 (22:24:18) | WARNING: ROCm SMI: Failed to get GPU power usage
2025/02/21 (22:24:18) | WARNING: ROCm SMI: Failed to get PCIe throughput
2025/02/22 (11:53:54) | WARNING: Failed to get disk/partition stats for mount "/home/piotr/samba" with statvfs error code: 5. Ignoring...
2025/02/22 (22:30:17) | WARNING: Failed to join _runner thread on exit!

2025/02/27 (22:32:54) | ===> btop++ v.1.4.0
2025/02/27 (22:32:54) | WARNING: ROCm SMI: Failed to get maximum GPU temperature, defaulting to 110°C
2025/02/27 (22:32:54) | WARNING: ROCm SMI: Failed to get PCIe throughput
2025/02/27 (22:32:54) | WARNING: ROCm SMI: Failed to get maximum GPU power draw, defaulting to 225W
2025/02/27 (22:32:54) | WARNING: ROCm SMI: Failed to get maximum GPU temperature, defaulting to 110°C
2025/02/27 (22:32:54) | WARNING: ROCm SMI: Failed to get VRAM utilization
2025/02/27 (22:32:54) | WARNING: ROCm SMI: Failed to get GPU power usage
2025/02/27 (22:32:54) | WARNING: ROCm SMI: Failed to get PCIe throughput
2025/02/27 (23:01:07) | WARNING: Failed to join _runner thread on exit!

2025/03/01 (00:32:17) | ===> btop++ v.1.4.0
2025/03/01 (00:32:17) | WARNING: ROCm SMI: Failed to get maximum GPU temperature, defaulting to 110°C
2025/03/01 (00:32:17) | WARNING: ROCm SMI: Failed to get PCIe throughput
2025/03/01 (00:32:17) | WARNING: ROCm SMI: Failed to get maximum GPU power draw, defaulting to 225W
2025/03/01 (00:32:17) | WARNING: ROCm SMI: Failed to get maximum GPU temperature, defaulting to 110°C
2025/03/01 (00:32:17) | WARNING: ROCm SMI: Failed to get VRAM utilization
2025/03/01 (00:32:17) | WARNING: ROCm SMI: Failed to get GPU power usage
2025/03/01 (00:32:17) | WARNING: ROCm SMI: Failed to get PCIe throughput
2025/03/01 (00:32:24) | WARNING: Failed to join _runner thread on exit!

2025/03/05 (11:27:09) | ===> btop++ v.1.4.0
2025/03/05 (11:27:09) | WARNING: ROCm SMI: Failed to get maximum GPU temperature, defaulting to 110°C
2025/03/05 (11:27:09) | WARNING: ROCm SMI: Failed to get PCIe throughput
2025/03/05 (11:27:09) | WARNING: ROCm SMI: Failed to get maximum GPU power draw, defaulting to 225W
2025/03/05 (11:27:09) | WARNING: ROCm SMI: Failed to get maximum GPU temperature, defaulting to 110°C
2025/03/05 (11:27:09) | WARNING: ROCm SMI: Failed to get VRAM utilization
2025/03/05 (11:27:09) | WARNING: ROCm SMI: Failed to get GPU power usage
2025/03/05 (11:27:09) | WARNING: ROCm SMI: Failed to get PCIe throughput
2025/03/06 (15:26:55) | WARNING: Failed to get disk/partition stats for mount "/home/piotr/samba" with statvfs error code: 5. Ignoring...
2025/03/07 (00:30:59) | WARNING: Failed to join _runner thread on exit!

2025/03/10 (17:45:52) | ===> btop++ v.1.4.0
2025/03/10 (17:45:52) | WARNING: ROCm SMI: Failed to get maximum GPU temperature, defaulting to 110°C
2025/03/10 (17:45:52) | WARNING: ROCm SMI: Failed to get PCIe throughput
2025/03/10 (17:45:52) | WARNING: ROCm SMI: Failed to get maximum GPU power draw, defaulting to 225W
2025/03/10 (17:45:52) | WARNING: ROCm SMI: Failed to get maximum GPU temperature, defaulting to 110°C
2025/03/10 (17:45:52) | WARNING: ROCm SMI: Failed to get VRAM utilization
2025/03/10 (17:45:52) | WARNING: ROCm SMI: Failed to get GPU power usage
2025/03/10 (17:45:52) | WARNING: ROCm SMI: Failed to get PCIe throughput
2025/03/10 (20:47:14) | WARNING: Failed to join _runner thread on exit!

2025/03/10 (21:29:50) | ===> btop++ v.1.4.0
2025/03/10 (21:29:50) | WARNING: ROCm SMI: Failed to get maximum GPU temperature, defaulting to 110°C
2025/03/10 (21:29:50) | WARNING: ROCm SMI: Failed to get PCIe throughput
2025/03/10 (21:29:50) | WARNING: ROCm SMI: Failed to get maximum GPU power draw, defaulting to 225W
2025/03/10 (21:29:50) | WARNING: ROCm SMI: Failed to get maximum GPU temperature, defaulting to 110°C
2025/03/10 (21:29:50) | WARNING: ROCm SMI: Failed to get VRAM utilization
2025/03/10 (21:29:50) | WARNING: ROCm SMI: Failed to get GPU power usage
2025/03/10 (21:29:50) | WARNING: ROCm SMI: Failed to get PCIe throughput
2025/03/10 (21:39:23) | WARNING: Failed to join _runner thread on exit!

2025/03/14 (23:48:17) | ===> btop++ v.1.4.0
2025/03/14 (23:48:17) | WARNING: ROCm SMI: Failed to get maximum GPU temperature, defaulting to 110°C
2025/03/14 (23:48:17) | WARNING: ROCm SMI: Failed to get PCIe throughput
2025/03/14 (23:48:17) | WARNING: ROCm SMI: Failed to get maximum GPU power draw, defaulting to 225W
2025/03/14 (23:48:17) | WARNING: ROCm SMI: Failed to get maximum GPU temperature, defaulting to 110°C
2025/03/14 (23:48:17) | WARNING: ROCm SMI: Failed to get VRAM utilization
2025/03/14 (23:48:17) | WARNING: ROCm SMI: Failed to get GPU power usage
2025/03/14 (23:48:17) | WARNING: ROCm SMI: Failed to get PCIe throughput
2025/03/15 (00:59:09) | WARNING: Failed to join _runner thread on exit!

2025/03/16 (18:32:46) | ===> btop++ v.1.4.0
2025/03/16 (18:32:46) | WARNING: ROCm SMI: Failed to get maximum GPU temperature, defaulting to 110°C
2025/03/16 (18:32:46) | WARNING: ROCm SMI: Failed to get PCIe throughput
2025/03/16 (18:32:46) | WARNING: ROCm SMI: Failed to get maximum GPU power draw, defaulting to 225W
2025/03/16 (18:32:46) | WARNING: ROCm SMI: Failed to get maximum GPU temperature, defaulting to 110°C
2025/03/16 (18:32:46) | WARNING: ROCm SMI: Failed to get VRAM utilization
2025/03/16 (18:32:46) | WARNING: ROCm SMI: Failed to get GPU power usage
2025/03/16 (18:32:46) | WARNING: ROCm SMI: Failed to get PCIe throughput
2025/03/16 (18:32:54) | ERROR: Stall in Runner thread, restarting!

2025/03/18 (17:31:52) | ===> btop++ v.1.4.0
2025/03/18 (17:31:52) | WARNING: ROCm SMI: Failed to get maximum GPU temperature, defaulting to 110°C
2025/03/18 (17:31:52) | WARNING: ROCm SMI: Failed to get PCIe throughput
2025/03/18 (17:31:52) | WARNING: ROCm SMI: Failed to get maximum GPU power draw, defaulting to 225W
2025/03/18 (17:31:52) | WARNING: ROCm SMI: Failed to get maximum GPU temperature, defaulting to 110°C
2025/03/18 (17:31:52) | WARNING: ROCm SMI: Failed to get VRAM utilization
2025/03/18 (17:31:52) | WARNING: ROCm SMI: Failed to get GPU power usage
2025/03/18 (17:31:52) | WARNING: ROCm SMI: Failed to get PCIe throughput
2025/03/19 (13:54:58) | WARNING: Failed to get disk/partition stats for mount "/home/piotr/samba" with statvfs error code: 5. Ignoring...
2025/03/19 (15:13:34) | WARNING: Failed to join _runner thread on exit!

2025/03/31 (05:11:33) | ===> btop++ v.1.4.0
2025/03/31 (05:11:33) | WARNING: ROCm SMI: Failed to get maximum GPU temperature, defaulting to 110°C
2025/03/31 (05:11:33) | WARNING: ROCm SMI: Failed to get PCIe throughput
2025/03/31 (05:11:33) | WARNING: ROCm SMI: Failed to get maximum GPU power draw, defaulting to 225W
2025/03/31 (05:11:33) | WARNING: ROCm SMI: Failed to get maximum GPU temperature, defaulting to 110°C
2025/03/31 (05:11:33) | WARNING: ROCm SMI: Failed to get VRAM utilization
2025/03/31 (05:11:33) | WARNING: ROCm SMI: Failed to get GPU power usage
2025/03/31 (05:11:33) | WARNING: ROCm SMI: Failed to get PCIe throughput
2025/03/31 (05:26:08) | WARNING: Failed to join _runner thread on exit!

2025/04/03 (02:05:27) | ===> btop++ v.1.4.0
2025/04/03 (02:05:27) | WARNING: ROCm SMI: Failed to get maximum GPU temperature, defaulting to 110°C
2025/04/03 (02:05:27) | WARNING: ROCm SMI: Failed to get PCIe throughput
2025/04/03 (02:05:27) | WARNING: ROCm SMI: Failed to get maximum GPU power draw, defaulting to 225W
2025/04/03 (02:05:27) | WARNING: ROCm SMI: Failed to get maximum GPU temperature, defaulting to 110°C
2025/04/03 (02:05:27) | WARNING: ROCm SMI: Failed to get VRAM utilization
2025/04/03 (02:05:27) | WARNING: ROCm SMI: Failed to get GPU power usage
2025/04/03 (02:05:27) | WARNING: ROCm SMI: Failed to get PCIe throughput
2025/04/03 (02:05:33) | ERROR: Stall in Runner thread, restarting!
2025/04/03 (02:05:39) | ERROR: Stall in Runner thread, restarting!
2025/04/03 (02:05:45) | ERROR: Stall in Runner thread, restarting!
2025/04/03 (02:05:51) | ERROR: Stall in Runner thread, restarting!
2025/04/03 (02:05:57) | ERROR: Stall in Runner thread, restarting!
2025/04/03 (02:06:03) | ERROR: Stall in Runner thread, restarting!
2025/04/03 (02:06:09) | ERROR: Stall in Runner thread, restarting!
2025/04/03 (02:06:15) | ERROR: Stall in Runner thread, restarting!
2025/04/03 (02:06:21) | ERROR: Stall in Runner thread, restarting!
2025/04/03 (02:06:27) | ERROR: Stall in Runner thread, restarting!
2025/04/03 (02:06:33) | ERROR: Stall in Runner thread, restarting!
2025/04/03 (02:06:39) | ERROR: Stall in Runner thread, restarting!
2025/04/03 (02:06:45) | ERROR: Stall in Runner thread, restarting!
2025/04/03 (02:06:51) | ERROR: Stall in Runner thread, restarting!
2025/04/03 (02:06:57) | ERROR: Stall in Runner thread, restarting!
2025/04/03 (02:07:03) | ERROR: Stall in Runner thread, restarting!
2025/04/03 (02:07:09) | ERROR: Stall in Runner thread, restarting!
2025/04/03 (02:07:15) | ERROR: Stall in Runner thread, restarting!
2025/04/03 (02:07:21) | ERROR: Stall in Runner thread, restarting!
2025/04/03 (02:07:27) | ERROR: Stall in Runner thread, restarting!
2025/04/03 (02:07:33) | ERROR: Stall in Runner thread, restarting!
2025/04/03 (02:07:39) | ERROR: Stall in Runner thread, restarting!
2025/04/03 (02:07:45) | ERROR: Stall in Runner thread, restarting!
2025/04/03 (02:07:51) | ERROR: Stall in Runner thread, restarting!
2025/04/03 (02:07:57) | ERROR: Stall in Runner thread, restarting!
2025/04/03 (02:08:03) | ERROR: Stall in Runner thread, restarting!
2025/04/03 (02:08:09) | ERROR: Stall in Runner thread, restarting!
2025/04/03 (02:08:15) | ERROR: Stall in Runner thread, restarting!
2025/04/03 (02:08:21) | ERROR: Stall in Runner thread, restarting!
2025/04/03 (02:08:27) | ERROR: Stall in Runner thread, restarting!
2025/04/03 (02:08:33) | ERROR: Stall in Runner thread, restarting!
2025/04/03 (02:08:39) | ERROR: Stall in Runner thread, restarting!
2025/04/03 (02:08:45) | ERROR: Stall in Runner thread, restarting!
2025/04/03 (02:08:51) | ERROR: Stall in Runner thread, restarting!
2025/04/03 (02:08:57) | ERROR: Stall in Runner thread, restarting!
2025/04/03 (02:09:03) | ERROR: Stall in Runner thread, restarting!
2025/04/03 (02:09:09) | ERROR: Stall in Runner thread, restarting!
2025/04/03 (02:09:15) | ERROR: Stall in Runner thread, restarting!
2025/04/03 (02:09:21) | ERROR: Stall in Runner thread, restarting!
2025/04/03 (02:09:27) | ERROR: Stall in Runner thread, restarting!
2025/04/03 (02:09:33) | ERROR: Stall in Runner thread, restarting!
2025/04/03 (02:09:39) | ERROR: Stall in Runner thread, restarting!
2025/04/03 (02:09:45) | ERROR: Stall in Runner thread, restarting!
2025/04/03 (02:09:51) | ERROR: Stall in Runner thread, restarting!
2025/04/03 (02:09:57) | ERROR: Stall in Runner thread, restarting!
2025/04/03 (02:10:03) | ERROR: Stall in Runner thread, restarting!
2025/04/03 (02:10:09) | ERROR: Stall in Runner thread, restarting!
2025/04/03 (02:10:15) | ERROR: Stall in Runner thread, restarting!
2025/04/03 (02:10:21) | ERROR: Stall in Runner thread, restarting!
2025/04/03 (02:10:27) | ERROR: Stall in Runner thread, restarting!
2025/04/03 (02:10:33) | ERROR: Stall in Runner thread, restarting!
2025/04/03 (02:10:39) | ERROR: Stall in Runner thread, restarting!
2025/04/03 (02:10:45) | ERROR: Stall in Runner thread, restarting!
2025/04/03 (02:10:51) | ERROR: Stall in Runner thread, restarting!
2025/04/03 (02:10:57) | ERROR: Stall in Runner thread, restarting!
2025/04/03 (02:11:03) | ERROR: Stall in Runner thread, restarting!
2025/04/03 (02:11:09) | ERROR: Stall in Runner thread, restarting!
2025/04/03 (02:11:15) | ERROR: Stall in Runner thread, restarting!

2025/04/16 (01:44:37) | ===> btop++ v.1.4.0
2025/04/16 (01:44:37) | WARNING: ROCm SMI: Failed to get maximum GPU temperature, defaulting to 110°C
2025/04/16 (01:44:37) | WARNING: ROCm SMI: Failed to get PCIe throughput
2025/04/16 (01:44:37) | WARNING: ROCm SMI: Failed to get maximum GPU power draw, defaulting to 225W
2025/04/16 (01:44:37) | WARNING: ROCm SMI: Failed to get maximum GPU temperature, defaulting to 110°C
2025/04/16 (01:44:37) | WARNING: ROCm SMI: Failed to get VRAM utilization
2025/04/16 (01:44:37) | WARNING: ROCm SMI: Failed to get GPU power usage
2025/04/16 (01:44:37) | WARNING: ROCm SMI: Failed to get PCIe throughput
2025/04/16 (01:58:36) | WARNING: Failed to join _runner thread on exit!

2025/04/17 (02:04:56) | ===> btop++ v.1.4.0
2025/04/17 (02:04:56) | WARNING: ROCm SMI: Failed to get maximum GPU temperature, defaulting to 110°C
2025/04/17 (02:04:56) | WARNING: ROCm SMI: Failed to get PCIe throughput
2025/04/17 (02:04:56) | WARNING: ROCm SMI: Failed to get maximum GPU power draw, defaulting to 225W
2025/04/17 (02:04:56) | WARNING: ROCm SMI: Failed to get maximum GPU temperature, defaulting to 110°C
2025/04/17 (02:04:56) | WARNING: ROCm SMI: Failed to get VRAM utilization
2025/04/17 (02:04:56) | WARNING: ROCm SMI: Failed to get GPU power usage
2025/04/17 (02:04:56) | WARNING: ROCm SMI: Failed to get PCIe throughput
2025/04/17 (03:51:35) | WARNING: Failed to join _runner thread on exit!

2025/04/17 (20:25:30) | ===> btop++ v.1.4.0
2025/04/17 (20:25:30) | WARNING: ROCm SMI: Failed to get maximum GPU temperature, defaulting to 110°C
2025/04/17 (20:25:30) | WARNING: ROCm SMI: Failed to get PCIe throughput
2025/04/17 (20:25:30) | WARNING: ROCm SMI: Failed to get maximum GPU power draw, defaulting to 225W
2025/04/17 (20:25:30) | WARNING: ROCm SMI: Failed to get maximum GPU temperature, defaulting to 110°C
2025/04/17 (20:25:30) | WARNING: ROCm SMI: Failed to get VRAM utilization
2025/04/17 (20:25:30) | WARNING: ROCm SMI: Failed to get GPU power usage
2025/04/17 (20:25:30) | WARNING: ROCm SMI: Failed to get PCIe throughput

2025/04/17 (22:00:25) | ===> btop++ v.1.4.0
2025/04/17 (22:00:25) | WARNING: ROCm SMI: Failed to get maximum GPU temperature, defaulting to 110°C
2025/04/17 (22:00:25) | WARNING: ROCm SMI: Failed to get PCIe throughput
2025/04/17 (22:00:25) | WARNING: ROCm SMI: Failed to get maximum GPU power draw, defaulting to 225W
2025/04/17 (22:00:25) | WARNING: ROCm SMI: Failed to get maximum GPU temperature, defaulting to 110°C
2025/04/17 (22:00:25) | WARNING: ROCm SMI: Failed to get VRAM utilization
2025/04/17 (22:00:25) | WARNING: ROCm SMI: Failed to get GPU power usage
2025/04/17 (22:00:25) | WARNING: ROCm SMI: Failed to get PCIe throughput
2025/04/17 (22:47:55) | WARNING: Failed to join _runner thread on exit!

2025/04/17 (22:52:22) | ===> btop++ v.1.4.0
2025/04/17 (22:52:22) | WARNING: ROCm SMI: Failed to get maximum GPU temperature, defaulting to 110°C
2025/04/17 (22:52:22) | WARNING: ROCm SMI: Failed to get PCIe throughput
2025/04/17 (22:52:22) | WARNING: ROCm SMI: Failed to get maximum GPU power draw, defaulting to 225W
2025/04/17 (22:52:22) | WARNING: ROCm SMI: Failed to get maximum GPU temperature, defaulting to 110°C
2025/04/17 (22:52:22) | WARNING: ROCm SMI: Failed to get VRAM utilization
2025/04/17 (22:52:22) | WARNING: ROCm SMI: Failed to get GPU power usage
2025/04/17 (22:52:22) | WARNING: ROCm SMI: Failed to get PCIe throughput

2025/04/17 (23:14:08) | ===> btop++ v.1.4.0
2025/04/17 (23:14:08) | WARNING: ROCm SMI: Failed to get maximum GPU temperature, defaulting to 110°C
2025/04/17 (23:14:08) | WARNING: ROCm SMI: Failed to get PCIe throughput
2025/04/17 (23:14:08) | WARNING: ROCm SMI: Failed to get maximum GPU power draw, defaulting to 225W
2025/04/17 (23:14:08) | WARNING: ROCm SMI: Failed to get maximum GPU temperature, defaulting to 110°C
2025/04/17 (23:14:08) | WARNING: ROCm SMI: Failed to get VRAM utilization
2025/04/17 (23:14:08) | WARNING: ROCm SMI: Failed to get GPU power usage
2025/04/17 (23:14:08) | WARNING: ROCm SMI: Failed to get PCIe throughput
2025/04/17 (23:14:12) | WARNING: Failed to join _runner thread on exit!
